ASxxxx Linker V03.00 + NoICE + sdld,  page 1.
Hexadecimal  [32-Bits]

Area                                    Addr        Size        Decimal Bytes (Attributes)
--------------------------------        ----        ----        ------- ----- ------------
.  .ABS.                            00000000    00000000 =           0. bytes (ABS,CON)

      Value  Global                              Global Defined In Module
      -----  --------------------------------   ------------------------
     00000000  .__.ABS.                           
     00000000  _rRAMG                             
     00000000  l__BASE                         
     00000000  l__BSS                          
     00000000  l__CABS                         
     00000000  l__CODE_0                       
     00000000  l__CRASH_HEADER                 
     00000000  l__CRASH_SCRATCH                
     00000000  l__DABS                         
     00000000  l__EHL_TRAMPOLINE               
     00000000  l__HEADER                       
     00000000  l__HEADER_LCD                   
     00000000  l__HEADER_SIO                   
     00000000  l__HEADER_TIMER                 
     00000000  l__HEAP                         
     00000000  l__HRAM                         
     00000000  l__LIT                          
     00000000  s__CABS                         
     00000000  s__CRASH_HEADER                 
     00000000  s__CRASH_HEADER0                
     00000000  s__CRASH_HEADER1                
     00000000  s__CRASH_SCRATCH                
     00000000  s__CRASH_SCRATCH2               
     00000000  s__DABS                         
     00000000  s__EHL_TRAMPOLINE               
     00000000  s__EHL_TRAMPOLINE0              
     00000000  s__HEADER                       
     00000000  s__HEADER0                      
     00000000  s__HEADER1                      
     00000000  s__HEADER10                     
     00000000  s__HEADER11                     
     00000000  s__HEADER2                      
     00000000  s__HEADER3                      
     00000000  s__HEADER4                      
     00000000  s__HEADER5                      
     00000000  s__HEADER6                      
     00000000  s__HEADER7                      
     00000000  s__HEADER8                      
     00000000  s__HEADER9                      
     00000000  s__HEADER_LCD                   
     00000000  s__HEADER_LCD0                  
     00000000  s__HEADER_SIO                   
     00000000  s__HEADER_SIO0                  
     00000000  s__HEADER_TIMER                 
     00000000  s__HEADER_TIMER0                
     00000000  s__HEADERa                      
     00000000  s__HEADERb                      
     00000000  s__HEADERc                      
     00000000  s__HEADERd                      
     00000000  s__HEADERe                      
ASxxxx Linker V03.00 + NoICE + sdld,  page 2.
Hexadecimal  [32-Bits]

Area                                    Addr        Size        Decimal Bytes (Attributes)
--------------------------------        ----        ----        ------- ----- ------------
.  .ABS.                            00000000    00000000 =           0. bytes (ABS,CON)

      Value  Global                              Global Defined In Module
      -----  --------------------------------   ------------------------
     00000000  s__HEADERf                      
     00000000  s__HRAM                         
     00000000  s__HRAM12                       
     00000001  ___bank_ACTOR                      actor
     00000001  ___bank_VM_CAMERA                  vm_camera
     00000001  ___bank_VM_SGB                     vm_sgb
     00000001  ___bank_bg_map_doodle_2_tilemap    bg_map_doodle_2_tilemap
     00000001  ___bank_sprite_main_char           sprite_main_char
     00000001  b_activate_actor                   actor
     00000001  b_activate_actors_in_col           actor
     00000001  b_activate_actors_in_row           actor
     00000001  b_actor_at_tile                    actor
     00000001  b_actor_get_frame_offset           actor
     00000001  b_actor_in_front_of_player         actor
     00000001  b_actor_overlapping_bb             actor
     00000001  b_actor_overlapping_player         actor
     00000001  b_actor_set_anim_idle              actor
     00000001  b_actor_set_anim_moving            actor
     00000001  b_actor_set_dir                    actor
     00000001  b_actor_set_frame_offset           actor
     00000001  b_actor_set_frames                 actor
     00000001  b_actors_handle_player_collision   actor
     00000001  b_actors_init                      actor
     00000001  b_adventure_init                   adventure
     00000001  b_adventure_update                 adventure
     00000001  b_camera_shake_frames              vm_camera
     00000001  b_check_collision_in_direction     actor
     00000001  b_deactivate_actor                 actor
     00000001  b_player_init                      actor
     00000001  b_ui_draw_frame                    ui
     00000001  b_ui_draw_text_buffer_char         ui
     00000001  b_ui_init                          ui
     00000001  b_ui_load_tiles                    ui
     00000001  b_ui_run_menu                      ui
     00000001  b_ui_run_modal                     ui
     00000001  b_ui_set_start_tile                ui
     00000001  b_vm_camera_move_to                vm_camera
     00000001  b_vm_camera_set_pos                vm_camera
     00000001  l__GSFINAL                      
     00000001  l__HEADER0                      
     00000001  l__HEADER11                     
     00000001  l__HEADER9                      
     00000001  l__HEADERa                      
     00000001  l__HEADERb                      
     00000001  l__HEADERd                      
     00000001  l__HEADERe                      
     00000002  ___bank_bg_map_doodle_2_tileset    bg_map_doodle_2_tileset
     00000002  ___bank_bg_map_doodle_3_tilemap    bg_map_doodle_3_tilemap
     00000002  ___bank_bg_map_tilemap             bg_map_tilemap
     00000002  ___bank_scene_18_collisions        scene_18_collisions
     00000002  ___bank_spritesheet_none           spritesheet_none
ASxxxx Linker V03.00 + NoICE + sdld,  page 3.
Hexadecimal  [32-Bits]

Area                                    Addr        Size        Decimal Bytes (Attributes)
--------------------------------        ----        ----        ------- ----- ------------
.  .ABS.                            00000000    00000000 =           0. bytes (ABS,CON)

      Value  Global                              Global Defined In Module
      -----  --------------------------------   ------------------------
     00000002  l__HEADER5                      
     00000002  l__HEADERc                      
     00000002  l__HEADERf                      
     00000003  ___bank_palette_0                  palette_0
     00000003  ___bank_scene_4_collisions         scene_4_collisions
     00000003  ___bank_scene_5_collisions         scene_5_collisions
     00000003  ___bank_scene_8_collisions         scene_8_collisions
     00000003  ___bank_sprite_coins_tileset       sprite_coins_tileset
     00000003  b_core_reset                       core
     00000003  b_core_run                         core
     00000003  l__HEADER8                      
     00000003  l__HEADER_LCD0                  
     00000003  l__HRAM12                       
     00000004  ___bank_VM_ACTOR                   vm_actor
     00000004  ___bank_VM_MAIN                    vm
     00000004  ___bank_bg_altar_1_tileset         bg_altar_1_tileset
     00000004  ___bank_palette_1                  palette_1
     00000004  ___bank_scene_5_triggers           scene_5_triggers
     00000004  b_platform_init                    platform
     00000004  b_platform_update                  platform
     00000004  b_script_detach_hthread            vm
     00000004  b_script_execute                   vm
     00000004  b_script_runner_init               vm
     00000004  b_script_terminate                 vm
     00000004  b_vm_actor_activate                vm_actor
     00000004  b_vm_actor_deactivate              vm_actor
     00000004  b_vm_actor_emote                   vm_actor
     00000004  b_vm_actor_get_angle               vm_actor
     00000004  b_vm_actor_get_anim_frame          vm_actor
     00000004  b_vm_actor_get_dir                 vm_actor
     00000004  b_vm_actor_get_pos                 vm_actor
     00000004  b_vm_actor_move_cancel             vm_actor
     00000004  b_vm_actor_move_to                 vm_actor
     00000004  b_vm_actor_replace_tile            vm_actor
     00000004  b_vm_actor_set_anim                vm_actor
     00000004  b_vm_actor_set_anim_frame          vm_actor
     00000004  b_vm_actor_set_anim_set            vm_actor
     00000004  b_vm_actor_set_anim_tick           vm_actor
     00000004  b_vm_actor_set_bounds              vm_actor
     00000004  b_vm_actor_set_dir                 vm_actor
     00000004  b_vm_actor_set_flags               vm_actor
     00000004  b_vm_actor_set_move_speed          vm_actor
     00000004  b_vm_actor_set_pos                 vm_actor
     00000004  b_vm_actor_set_spritesheet         vm_actor
     00000004  b_vm_actor_set_spritesheet_by_re   vm_actor
     00000004  b_vm_actor_terminate_update        vm_actor
     00000004  b_vm_call                          vm
     00000004  b_vm_call_far                      vm
     00000004  b_vm_get_indirect                  vm
     00000004  b_vm_get_int16                     vm
     00000004  b_vm_get_int8                      vm
ASxxxx Linker V03.00 + NoICE + sdld,  page 4.
Hexadecimal  [32-Bits]

Area                                    Addr        Size        Decimal Bytes (Attributes)
--------------------------------        ----        ----        ------- ----- ------------
.  .ABS.                            00000000    00000000 =           0. bytes (ABS,CON)

      Value  Global                              Global Defined In Module
      -----  --------------------------------   ------------------------
     00000004  b_vm_get_tlocal                    vm
     00000004  b_vm_get_uint8                     vm
     00000004  b_vm_idle                          vm
     00000004  b_vm_if                            vm
     00000004  b_vm_if_const                      vm
     00000004  b_vm_init_rng                      vm
     00000004  b_vm_invoke                        vm
     00000004  b_vm_join                          vm
     00000004  b_vm_jump                          vm
     00000004  b_vm_lock                          vm
     00000004  b_vm_loop                          vm
     00000004  b_vm_memcpy                        vm
     00000004  b_vm_memset                        vm
     00000004  b_vm_poll_loaded                   vm
     00000004  b_vm_pop                           vm
     00000004  b_vm_push                          vm
     00000004  b_vm_push_reference                vm
     00000004  b_vm_push_value                    vm
     00000004  b_vm_push_value_ind                vm
     00000004  b_vm_raise                         vm
     00000004  b_vm_rand                          vm
     00000004  b_vm_reserve                       vm
     00000004  b_vm_ret                           vm
     00000004  b_vm_ret_far                       vm
     00000004  b_vm_set                           vm
     00000004  b_vm_set_const                     vm
     00000004  b_vm_set_const_int16               vm
     00000004  b_vm_set_const_int8                vm
     00000004  b_vm_set_indirect                  vm
     00000004  b_vm_set_int16                     vm
     00000004  b_vm_set_int8                      vm
     00000004  b_vm_set_uint8                     vm
     00000004  b_vm_terminate                     vm
     00000004  b_vm_test_terminate                vm
     00000004  b_vm_unlock                        vm
     00000004  b_wait_frames                      vm
     00000004  l__CRASH_HEADER1                
     00000004  l__HEADER_SIO0                  
     00000004  l__HEADER_TIMER0                
     00000005  ___bank_VM_SIO                     vm_sio
     00000005  ___bank_bootstrap_script           
     00000005  ___bank_font_gbs_variable_width    font_gbs_variable_width
     00000005  ___bank_song_rulz_lightmood_0_Da   song_rulz_lightmood_0_Data
     00000005  b_do_load_palette                  data_manager
     00000005  b_load_background                  data_manager
     00000005  b_load_bkg_tileset                 data_manager
     00000005  b_load_bounds                      data_manager
     00000005  b_load_emote                       data_manager
     00000005  b_load_init                        data_manager
     00000005  b_load_player                      data_manager
     00000005  b_load_scene                       data_manager
ASxxxx Linker V03.00 + NoICE + sdld,  page 5.
Hexadecimal  [32-Bits]

Area                                    Addr        Size        Decimal Bytes (Attributes)
--------------------------------        ----        ----        ------- ----- ------------
.  .ABS.                            00000000    00000000 =           0. bytes (ABS,CON)

      Value  Global                              Global Defined In Module
      -----  --------------------------------   ------------------------
     00000005  b_load_sprite                      data_manager
     00000005  b_scroll_init                      scroll
     00000005  b_scroll_repaint                   scroll
     00000005  b_scroll_reset                     scroll
     00000005  b_scroll_update                    scroll
     00000005  b_shmup_init                       shmup
     00000005  b_shmup_update                     shmup
     00000005  b_topdown_init                     topdown
     00000005  b_topdown_update                   topdown
     00000005  b_vm_sio_exchange                  vm_sio
     00000005  b_vm_sio_set_mode                  vm_sio
     00000005  l__CRASH_HEADER0                
     00000005  l__HEADER1                      
     00000006  ___bank_VM_GAMEBOY                 vm_gameboy
     00000006  ___bank_VM_UI                      vm_ui
     00000006  ___bank_actor_6_interact           actor_6_interact
     00000006  ___bank_bg_altar_1_tilemap         bg_altar_1_tilemap
     00000006  ___bank_bg_house_wide_tilemap      bg_house_wide_tilemap
     00000006  ___bank_bg_map_doodle_3_tileset    bg_map_doodle_3_tileset
     00000006  ___bank_bg_titlescreen_tileset     bg_titlescreen_tileset
     00000006  ___bank_scene_7_collisions         scene_7_collisions
     00000006  ___bank_song_drum_example_Data     song_drum_example_Data
     00000006  ___bank_sprite_player_platform_t   sprite_player_platform_tiles
     00000006  ___bank_trigger_14_interact        trigger_14_interact
     00000006  b___HandleCrash_banked             
     00000006  b_data_clear                       load_save
     00000006  b_data_init                        load_save
     00000006  b_data_load                        load_save
     00000006  b_data_peek                        load_save
     00000006  b_data_save                        load_save
     00000006  b_gbprinter_detect                 gbprinter
     00000006  b_gbprinter_print_overlay          gbprinter
     00000006  b_pointnclick_init                 pointnclick
     00000006  b_pointnclick_update               pointnclick
     00000006  b_projectile_launch                projectiles
     00000006  b_projectiles_init                 projectiles
     00000006  b_set_sgb_border                   sgb_border
     00000006  b_trigger_activate_at              trigger
     00000006  b_trigger_activate_at_intersecti   trigger
     00000006  b_trigger_at_intersection          trigger
     00000006  b_trigger_at_tile                  trigger
     00000006  b_trigger_interact                 trigger
     00000006  b_trigger_reset                    trigger
     00000006  b_vm_choice                        vm_ui
     00000006  b_vm_context_prepare               vm_gameboy
     00000006  b_vm_display_text                  vm_ui
     00000006  b_vm_fade                          vm_gameboy
     00000006  b_vm_get_tile_xy                   vm_gameboy
     00000006  b_vm_input_attach                  vm_gameboy
     00000006  b_vm_input_detach                  vm_gameboy
     00000006  b_vm_input_get                     vm_gameboy
ASxxxx Linker V03.00 + NoICE + sdld,  page 6.
Hexadecimal  [32-Bits]

Area                                    Addr        Size        Decimal Bytes (Attributes)
--------------------------------        ----        ----        ------- ----- ------------
.  .ABS.                            00000000    00000000 =           0. bytes (ABS,CON)

      Value  Global                              Global Defined In Module
      -----  --------------------------------   ------------------------
     00000006  b_vm_input_wait                    vm_gameboy
     00000006  b_vm_load_tiles                    vm_gameboy
     00000006  b_vm_load_tileset                  vm_gameboy
     00000006  b_vm_overlay_clear                 vm_ui
     00000006  b_vm_overlay_move_to               vm_ui
     00000006  b_vm_overlay_scroll                vm_ui
     00000006  b_vm_overlay_set_map               vm_ui
     00000006  b_vm_overlay_set_scroll            vm_ui
     00000006  b_vm_overlay_set_submap            vm_ui
     00000006  b_vm_overlay_set_submap_ex         vm_ui
     00000006  b_vm_overlay_setpos                vm_ui
     00000006  b_vm_overlay_show                  vm_ui
     00000006  b_vm_overlay_wait                  vm_ui
     00000006  b_vm_poll                          vm_gameboy
     00000006  b_vm_replace_tile                  vm_gameboy
     00000006  b_vm_replace_tile_xy               vm_gameboy
     00000006  b_vm_rumble                        vm_gameboy
     00000006  b_vm_set_font                      vm_ui
     00000006  b_vm_set_sprite_mode               vm_gameboy
     00000006  b_vm_set_sprites_visible           vm_gameboy
     00000006  b_vm_set_text_sound                vm_ui
     00000006  b_vm_switch_text_layer             vm_ui
     00000006  b_vm_timer_prepare                 vm_gameboy
     00000006  b_vm_timer_reset                   vm_gameboy
     00000006  b_vm_timer_set                     vm_gameboy
     00000006  b_vm_timer_stop                    vm_gameboy
     00000006  l__HEADER7                      
     00000007  ___bank_VM_GBPRINTER               vm_gbprinter
     00000007  ___bank_VM_LOAD_SAVE               vm_load_save
     00000007  ___bank_VM_MATH                    vm_math
     00000007  ___bank_VM_MUSIC                   vm_music
     00000007  ___bank_VM_PALETTE                 vm_palette
     00000007  ___bank_VM_PROJECTILE              vm_projectiles
     00000007  ___bank_VM_RTC                     vm_rtc
     00000007  ___bank_VM_SCENE                   vm_scene
     00000007  ___bank_actor_0_interact           actor_0_interact
     00000007  ___bank_actor_0_update             actor_0_update
     00000007  ___bank_actor_10_update            actor_10_update
     00000007  ___bank_actor_11_interact          actor_11_interact
     00000007  ___bank_actor_11_update            actor_11_update
     00000007  ___bank_actor_12_update            actor_12_update
     00000007  ___bank_actor_13_update            actor_13_update
     00000007  ___bank_actor_1_interact           actor_1_interact
     00000007  ___bank_actor_1_update             actor_1_update
     00000007  ___bank_actor_2_interact           actor_2_interact
     00000007  ___bank_actor_3_interact           actor_3_interact
     00000007  ___bank_actor_3_update             actor_3_update
     00000007  ___bank_actor_4_interact           actor_4_interact
     00000007  ___bank_actor_5_interact           actor_5_interact
     00000007  ___bank_actor_5_update             actor_5_update
     00000007  ___bank_actor_8_interact           actor_8_interact
ASxxxx Linker V03.00 + NoICE + sdld,  page 7.
Hexadecimal  [32-Bits]

Area                                    Addr        Size        Decimal Bytes (Attributes)
--------------------------------        ----        ----        ------- ----- ------------
.  .ABS.                            00000000    00000000 =           0. bytes (ABS,CON)

      Value  Global                              Global Defined In Module
      -----  --------------------------------   ------------------------
     00000007  ___bank_actor_9_update             actor_9_update
     00000007  ___bank_avatar_font_0              avatar_font_0
     00000007  ___bank_bg_cave_tilemap            bg_cave_tilemap
     00000007  ___bank_bg_cave_tileset            bg_cave_tileset
     00000007  ___bank_bg_house_wide_tileset      bg_house_wide_tileset
     00000007  ___bank_bg_map_tileset             bg_map_tileset
     00000007  ___bank_bg_titlescreen_tilemap     bg_titlescreen_tilemap
     00000007  ___bank_frame_image                frame_image
     00000007  ___bank_scene_18                   scene_18
     00000007  ___bank_scene_4                    scene_4
     00000007  ___bank_scene_4_actors             scene_4_actors
     00000007  ___bank_scene_5                    scene_5
     00000007  ___bank_scene_6                    scene_6
     00000007  ___bank_scene_6_actors             scene_6_actors
     00000007  ___bank_scene_6_collisions         scene_6_collisions
     00000007  ___bank_scene_7                    scene_7
     00000007  ___bank_scene_7_actors             scene_7_actors
     00000007  ___bank_scene_8                    scene_8
     00000007  ___bank_scene_8_actors             scene_8_actors
     00000007  ___bank_scene_8_init               scene_8_init
     00000007  ___bank_scene_8_p_hit1             scene_8_p_hit1
     00000007  ___bank_scene_8_triggers           scene_8_triggers
     00000007  ___bank_scene_logo                 scene_logo
     00000007  ___bank_scene_logo_collisions      scene_logo_collisions
     00000007  ___bank_scene_logo_init            scene_logo_init
     00000007  ___bank_scene_title_screen         scene_title_screen
     00000007  ___bank_scene_title_screen_colli   scene_title_screen_collision
     00000007  ___bank_scene_title_screen_init    scene_title_screen_init
     00000007  ___bank_script_engine_init         
     00000007  ___bank_script_turnip_collisions   script_turnip_collisions
     00000007  ___bank_sprite_bullet              sprite_bullet
     00000007  ___bank_sprite_bullet_tileset      sprite_bullet_tileset
     00000007  ___bank_sprite_coins               sprite_coins
     00000007  ___bank_sprite_fire_skull_animat   sprite_fire_skull_animation
     00000007  ___bank_sprite_fire_skull_animat   sprite_fire_skull_animation_
     00000007  ___bank_sprite_hedgehog            sprite_hedgehog
     00000007  ___bank_sprite_hedgehog_tileset    sprite_hedgehog_tileset
     00000007  ___bank_sprite_main_char_tileset   sprite_main_char_tileset
     00000007  ___bank_sprite_npc004_sheet        sprite_npc004_sheet
     00000007  ___bank_sprite_npc004_sheet_tile   sprite_npc004_sheet_tileset
     00000007  ___bank_sprite_npc006              sprite_npc006
     00000007  ___bank_sprite_npc006_tileset      sprite_npc006_tileset
     00000007  ___bank_sprite_npc_gardener        sprite_npc_gardener
     00000007  ___bank_sprite_npc_gardener_tile   sprite_npc_gardener_tileset
     00000007  ___bank_sprite_player              sprite_player
     00000007  ___bank_sprite_player_platform     sprite_player_platform
     00000007  ___bank_sprite_player_tileset      sprite_player_tileset
     00000007  ___bank_sprite_turnip              sprite_turnip
     00000007  ___bank_sprite_turnip_tileset      sprite_turnip_tileset
     00000007  ___bank_trigger_0_interact         trigger_0_interact
     00000007  ___bank_trigger_10_interact        trigger_10_interact
ASxxxx Linker V03.00 + NoICE + sdld,  page 8.
Hexadecimal  [32-Bits]

Area                                    Addr        Size        Decimal Bytes (Attributes)
--------------------------------        ----        ----        ------- ----- ------------
.  .ABS.                            00000000    00000000 =           0. bytes (ABS,CON)

      Value  Global                              Global Defined In Module
      -----  --------------------------------   ------------------------
     00000007  ___bank_trigger_11_interact        trigger_11_interact
     00000007  ___bank_trigger_15_interact        trigger_15_interact
     00000007  ___bank_trigger_1_interact         trigger_1_interact
     00000007  ___bank_trigger_2_interact         trigger_2_interact
     00000007  ___bank_trigger_3_interact         trigger_3_interact
     00000007  ___bank_trigger_42_interact        trigger_42_interact
     00000007  ___bank_trigger_43_interact        trigger_43_interact
     00000007  ___bank_trigger_4_interact         trigger_4_interact
     00000007  ___bank_trigger_5_interact         trigger_5_interact
     00000007  ___bank_trigger_6_interact         trigger_6_interact
     00000007  ___bank_trigger_7_interact         trigger_7_interact
     00000007  ___bank_trigger_8_interact         trigger_8_interact
     00000007  ___bank_trigger_9_interact         trigger_9_interact
     00000007  b_SIO_init                         sio
     00000007  b_camera_init                      camera
     00000007  b_camera_reset                     camera
     00000007  b_erase_flash                      
     00000007  b_events_init                      events
     00000007  b_fade_applypalettechange          fade_manager
     00000007  b_fade_in                          fade_manager
     00000007  b_fade_in_modal                    fade_manager
     00000007  b_fade_init                        fade_manager
     00000007  b_fade_out                         fade_manager
     00000007  b_fade_out_modal                   fade_manager
     00000007  b_fade_setspeed                    fade_manager
     00000007  b_fade_update                      fade_manager
     00000007  b_input_init                       input
     00000007  b_itoa_fmt                         vm_ui_a
     00000007  b_music_events_poll                music_manager
     00000007  b_music_init_driver                music_manager
     00000007  b_music_init_events                music_manager
     00000007  b_palette_init                     palette
     00000007  b_parallax_init                    parallax
     00000007  b_restore_sram                     flasher
     00000007  b_restore_sram_bank                flasher
     00000007  b_save_sram                        flasher
     00000007  b_save_sram_banks                  
     00000007  b_scroll_rect                      
     00000007  b_timers_init                      events
     00000007  b_vm_cos_scale                     vm_math
     00000007  b_vm_load_palette                  vm_palette
     00000007  b_vm_music_mute                    vm_music
     00000007  b_vm_music_play                    vm_music
     00000007  b_vm_music_routine                 vm_music
     00000007  b_vm_music_setpos                  vm_music
     00000007  b_vm_music_stop                    vm_music
     00000007  b_vm_print_detect                  vm_gbprinter
     00000007  b_vm_print_overlay                 vm_gbprinter
     00000007  b_vm_projectile_launch             vm_projectiles
     00000007  b_vm_projectile_load_type          vm_projectiles
     00000007  b_vm_rtc_get                       vm_rtc
ASxxxx Linker V03.00 + NoICE + sdld,  page 9.
Hexadecimal  [32-Bits]

Area                                    Addr        Size        Decimal Bytes (Attributes)
--------------------------------        ----        ----        ------- ----- ------------
.  .ABS.                            00000000    00000000 =           0. bytes (ABS,CON)

      Value  Global                              Global Defined In Module
      -----  --------------------------------   ------------------------
     00000007  b_vm_rtc_latch                     vm_rtc
     00000007  b_vm_rtc_set                       vm_rtc
     00000007  b_vm_rtc_start                     vm_rtc
     00000007  b_vm_save_clear                    vm_load_save
     00000007  b_vm_save_peek                     vm_load_save
     00000007  b_vm_scene_pop                     vm_scene
     00000007  b_vm_scene_pop_all                 vm_scene
     00000007  b_vm_scene_push                    vm_scene
     00000007  b_vm_scene_stack_reset             vm_scene
     00000007  b_vm_sfx_play                      vm_music
     00000007  b_vm_sin_scale                     vm_math
     00000007  b_vm_sound_mastervol               vm_music
     00000007  l__HEADER2                      
     00000008  ___bank_bg_altar_1                 bg_altar_1
     00000008  ___bank_bg_cave                    bg_cave
     00000008  ___bank_bg_house_wide              bg_house_wide
     00000008  ___bank_bg_map                     bg_map
     00000008  ___bank_bg_map_doodle_2            bg_map_doodle_2
     00000008  ___bank_bg_map_doodle_3            bg_map_doodle_3
     00000008  ___bank_bg_titlescreen             bg_titlescreen
     00000008  ___bank_cursor_image               cursor_image
     00000008  ___bank_scene_18_init              scene_18_init
     00000008  ___bank_scene_18_triggers          scene_18_triggers
     00000008  ___bank_scene_4_init               scene_4_init
     00000008  ___bank_scene_4_sprites            scene_4_sprites
     00000008  ___bank_scene_4_triggers           scene_4_triggers
     00000008  ___bank_scene_5_init               scene_5_init
     00000008  ___bank_scene_6_init               scene_6_init
     00000008  ___bank_scene_6_sprites            scene_6_sprites
     00000008  ___bank_scene_6_triggers           scene_6_triggers
     00000008  ___bank_scene_7_init               scene_7_init
     00000008  ___bank_scene_7_projectiles        scene_7_projectiles
     00000008  ___bank_scene_7_sprites            scene_7_sprites
     00000008  ___bank_scene_8_sprites            scene_8_sprites
     00000008  ___bank_trigger_12_interact        trigger_12_interact
     00000008  ___bank_trigger_13_interact        trigger_13_interact
     00000008  b_logo_init                        logo
     00000008  b_logo_update                      logo
     00000008  b_remove_LCD_ISRs                  interrupts
     00000008  l__HEADER3                      
     0000000C  __start_save                    
     00000011  l__EHL_TRAMPOLINE0              
     00000019  l__INITIALIZED                  
     00000019  l__INITIALIZER                  
     00000027  l__GSINIT                       
     00000030  l__HEADER6                      
     0000004E  l__HEADER4                      
     00000082  l__HEADER10                     
     0000018F  l__CODE_8                       
     000001CB  l__CRASH_SCRATCH2               
     00000200  s__CODE                         
ASxxxx Linker V03.00 + NoICE + sdld,  page 10.
Hexadecimal  [32-Bits]

Area                                    Addr        Size        Decimal Bytes (Attributes)
--------------------------------        ----        ----        ------- ----- ------------
.  .ABS.                            00000000    00000000 =           0. bytes (ABS,CON)

      Value  Global                              Global Defined In Module
      -----  --------------------------------   ------------------------
     00000BE4  l__CODE                         
     00000DE4  s__HOME                         
     0000197E  l__DATA                         
     00002000  _rROMB0                            
     00002B97  l__HOME                         
     00003000  _rROMB1                            
     0000397B  s__BASE                         
     0000397B  s__CODE_0                       
     0000397B  s__INITIALIZER                  
     0000397B  s__LIT                          
     00003994  s__GSINIT                       
     000039BB  s__GSFINAL                      
     00003FFE  l__CODE_3                       
     00003FFF  l__CODE_2                       
     00004000  _RTC_SELECT_REG                    vm_rtc
     00004000  _rRAMB                             
     00004000  l__CODE_1                       
     00004000  l__CODE_4                       
     00004000  l__CODE_5                       
     00004000  l__CODE_6                       
     00004000  l__CODE_7                       
     00006000  _RTC_LATCH_REG                     vm_rtc
     00008000  __VRAM                             
     00008000  __VRAM8000                         
     00008800  __VRAM8800                         
     00009000  __VRAM9000                         
     00009800  __SCRN0                            
     00009C00  __SCRN1                            
     0000A000  _RTC_VALUE_REG                     vm_rtc
     0000A000  __SRAM                             
     0000C000  __RAM                              
     0000C000  _shadow_OAM                     
     0000C0A0  s__DATA                         
     0000D000  __RAMBANK                          
     0000DA1E  s__BSS                          
     0000DA1E  s__INITIALIZED                  
     0000DA37  s__HEAP                         
     0000DF00  .STACK                          
     0000DF00  _shadow_OAM2                       absolute
     0000DFA0  _BkgPalette                        absolute
     0000DFE0  _vwf_tile_data                     absolute
     0000FE00  __OAMRAM                           
     0000FF00  _P1_REG                            
     0000FF00  __IO                               
     0000FF01  _SB_REG                            
     0000FF02  _SC_REG                            
     0000FF04  _DIV_REG                           
     0000FF05  _TIMA_REG                          
     0000FF06  _TMA_REG                           
     0000FF07  _TAC_REG                           
     0000FF0F  _IF_REG                            
ASxxxx Linker V03.00 + NoICE + sdld,  page 11.
Hexadecimal  [32-Bits]

Area                                    Addr        Size        Decimal Bytes (Attributes)
--------------------------------        ----        ----        ------- ----- ------------
.  .ABS.                            00000000    00000000 =           0. bytes (ABS,CON)

      Value  Global                              Global Defined In Module
      -----  --------------------------------   ------------------------
     0000FF10  _NR10_REG                          
     0000FF11  _NR11_REG                          
     0000FF12  _NR12_REG                          
     0000FF13  _NR13_REG                          
     0000FF14  _NR14_REG                          
     0000FF16  _NR21_REG                          
     0000FF17  _NR22_REG                          
     0000FF18  _NR23_REG                          
     0000FF19  _NR24_REG                          
     0000FF1A  _NR30_REG                          
     0000FF1B  _NR31_REG                          
     0000FF1C  _NR32_REG                          
     0000FF1D  _NR33_REG                          
     0000FF1E  _NR34_REG                          
     0000FF20  _NR41_REG                          
     0000FF21  _NR42_REG                          
     0000FF22  _NR43_REG                          
     0000FF23  _NR44_REG                          
     0000FF24  _NR50_REG                          
     0000FF25  _NR51_REG                          
     0000FF26  _NR52_REG                          
     0000FF30  _AUD3WAVE                          
     0000FF30  _PCM_SAMPLE                        
     0000FF30  __AUD3WAVERAM                      
     0000FF40  _LCDC_REG                          
     0000FF41  _STAT_REG                          
     0000FF42  _SCY_REG                           
     0000FF43  _SCX_REG                           
     0000FF44  _LY_REG                            
     0000FF45  _LYC_REG                           
     0000FF46  _DMA_REG                           
     0000FF47  _BGP_REG                           
     0000FF48  _OBP0_REG                          
     0000FF49  _OBP1_REG                          
     0000FF4A  _WY_REG                            
     0000FF4B  _WX_REG                            
     0000FF4D  _KEY1_REG                          
     0000FF4F  _VBK_REG                           
     0000FF51  _HDMA1_REG                         
     0000FF52  _HDMA2_REG                         
     0000FF53  _HDMA3_REG                         
     0000FF54  _HDMA4_REG                         
     0000FF55  _HDMA5_REG                         
     0000FF56  _RP_REG                            
     0000FF68  _BCPS_REG                          
     0000FF69  _BCPD_REG                          
     0000FF6A  _OCPS_REG                          
     0000FF6B  _OCPD_REG                          
     0000FF70  _SVBK_REG                          
     0000FF76  _PCM12_REG                         
     0000FF77  _PCM34_REG                         
ASxxxx Linker V03.00 + NoICE + sdld,  page 12.
Hexadecimal  [32-Bits]

Area                                    Addr        Size        Decimal Bytes (Attributes)
--------------------------------        ----        ----        ------- ----- ------------
.  .ABS.                            00000000    00000000 =           0. bytes (ABS,CON)

      Value  Global                              Global Defined In Module
      -----  --------------------------------   ------------------------
     0000FF80  .refresh_OAM                    
     0000FF80  __HRAM                             
     0000FFFF  _IE_REG                            
     00014000  s__CODE_1                       
     00024000  s__CODE_2                       
     00034000  s__CODE_3                       
     00044000  s__CODE_4                       
     00054000  s__CODE_5                       
     00064000  s__CODE_6                       
     00074000  s__CODE_7                       
     00084000  s__CODE_8                       

ASxxxx Linker V03.00 + NoICE + sdld,  page 13.
Hexadecimal  [32-Bits]

Area                                    Addr        Size        Decimal Bytes (Attributes)
--------------------------------        ----        ----        ------- ----- ------------
_CODE                               00000200    00000BE4 =        3044. bytes (REL,CON)

      Value  Global                              Global Defined In Module
      -----  --------------------------------   ------------------------
     00000200  ___HandleCrash                     
     0000020A  _SIO_send_byte                     
     0000021D  _SIO_receive                       
     0000022E  _SetTile                           
     0000023D  _set_win_tile_xy                   
     00000242  _set_bkg_tile_xy                   
     00000265  _GetWinAddr                        
     0000026D  _GetBkgAddr                        
     0000027B  _state_init                        
     00000280  _state_update                      
     000002A2  _ui_time_masks                     
     000002AA  _ui_print_shift_char               
     0000032D  _ui_draw_frame_row                 
     00000336  .ui_draw_frame_row                 
     0000035F  _script_cmds                       vm_instructions
     00000593  _save_signature                    game_signature
     00000597  _start_scene_x                     
     00000599  _start_scene_y                     
     0000059B  _start_scene_dir                   
     0000059C  _start_scene                       
     0000059F  _start_player_move_speed           
     000005A0  _start_player_anim_tick            
     000005A1  _ui_fonts                          
     000005A7  _core_reset_hook                   main
     000005AF  _main                              main
     000005B7  _state_start_fns                   
     000005C9  _state_update_fns                  
     000005DB  _hUGE_init_banked                  hUGEDriver_obj
     000005DF  _hUGE_init                         hUGEDriver_obj
     000005EA  _hUGE_mute_channel_banked          hUGEDriver_obj
     000005EE  _hUGE_mute_channel                 hUGEDriver_obj
     000005FB  _hUGE_set_position_banked          hUGEDriver_obj
     000005FF  _hUGE_set_position                 hUGEDriver_obj
     00000608  hUGE_init                          hUGEDriver_obj
     0000065E  hUGE_mute_channel                  hUGEDriver_obj
     00000854  hUGE_set_position                  hUGEDriver_obj
     000009BC  _hUGE_dosound                      hUGEDriver_obj
     000009BC  _hUGE_dosound_banked               hUGEDriver_obj
     000009BC  hUGE_dosound                       hUGEDriver_obj
     00000CAB  _get_vram_byte                     
     00000CB8  _get_win_tile_xy                   
     00000CC0  _get_bkg_tile_xy                   
     00000CE7  _hide_sprites_range                Metasprites
     00000D17  .sgb_check                         
     00000D17  _sgb_check                         
     00000D5F  _sgb_transfer                      
     00000D64  .sgb_transfer                      
     00000DA5  ___move_metasprite                 Metasprites
ASxxxx Linker V03.00 + NoICE + sdld,  page 14.
Hexadecimal  [32-Bits]

Area                                    Addr        Size        Decimal Bytes (Attributes)
--------------------------------        ----        ----        ------- ----- ------------
_HEADER0                            00000000    00000001 =           1. bytes (ABS,CON)

      Value  Global                              Global Defined In Module
      -----  --------------------------------   ------------------------
     00000020  .call_hl                           Runtime

ASxxxx Linker V03.00 + NoICE + sdld,  page 15.
Hexadecimal  [32-Bits]

Area                                    Addr        Size        Decimal Bytes (Attributes)
--------------------------------        ----        ----        ------- ----- ------------
_HEADER1                            00000000    00000005 =           5. bytes (ABS,CON)

      Value  Global                              Global Defined In Module
      -----  --------------------------------   ------------------------
     00000028  .MemsetSmall                       Runtime

ASxxxx Linker V03.00 + NoICE + sdld,  page 16.
Hexadecimal  [32-Bits]

Area                                    Addr        Size        Decimal Bytes (Attributes)
--------------------------------        ----        ----        ------- ----- ------------
_HEADER2                            00000000    00000007 =           7. bytes (ABS,CON)

      Value  Global                              Global Defined In Module
      -----  --------------------------------   ------------------------
     00000030  .MemcpySmall                       Runtime

ASxxxx Linker V03.00 + NoICE + sdld,  page 17.
Hexadecimal  [32-Bits]

Area                                    Addr        Size        Decimal Bytes (Attributes)
--------------------------------        ----        ----        ------- ----- ------------
_HEADER3                            00000000    00000008 =           8. bytes (ABS,CON)

      Value  Global                              Global Defined In Module
      -----  --------------------------------   ------------------------
ASxxxx Linker V03.00 + NoICE + sdld,  page 18.
Hexadecimal  [32-Bits]

Area                                    Addr        Size        Decimal Bytes (Attributes)
--------------------------------        ----        ----        ------- ----- ------------
_HEADER4                            00000000    0000004E =          78. bytes (ABS,CON)

      Value  Global                              Global Defined In Module
      -----  --------------------------------   ------------------------
     00000080  .int                               Runtime
     0000008F  _wait_int_handler                  Runtime
     0000009C  __standard_VBL_handler             Runtime
     000000AC  _refresh_OAM                       Runtime

ASxxxx Linker V03.00 + NoICE + sdld,  page 19.
Hexadecimal  [32-Bits]

Area                                    Addr        Size        Decimal Bytes (Attributes)
--------------------------------        ----        ----        ------- ----- ------------
_HEADER5                            00000000    00000002 =           2. bytes (ABS,CON)

      Value  Global                              Global Defined In Module
      -----  --------------------------------   ------------------------
ASxxxx Linker V03.00 + NoICE + sdld,  page 20.
Hexadecimal  [32-Bits]

Area                                    Addr        Size        Decimal Bytes (Attributes)
--------------------------------        ----        ----        ------- ----- ------------
_HEADER6                            00000000    00000030 =          48. bytes (ABS,CON)

      Value  Global                              Global Defined In Module
      -----  --------------------------------   ------------------------
ASxxxx Linker V03.00 + NoICE + sdld,  page 21.
Hexadecimal  [32-Bits]

Area                                    Addr        Size        Decimal Bytes (Attributes)
--------------------------------        ----        ----        ------- ----- ------------
_HEADER7                            00000000    00000006 =           6. bytes (ABS,CON)

      Value  Global                              Global Defined In Module
      -----  --------------------------------   ------------------------
ASxxxx Linker V03.00 + NoICE + sdld,  page 22.
Hexadecimal  [32-Bits]

Area                                    Addr        Size        Decimal Bytes (Attributes)
--------------------------------        ----        ----        ------- ----- ------------
_HEADER8                            00000000    00000003 =           3. bytes (ABS,CON)

      Value  Global                              Global Defined In Module
      -----  --------------------------------   ------------------------
ASxxxx Linker V03.00 + NoICE + sdld,  page 23.
Hexadecimal  [32-Bits]

Area                                    Addr        Size        Decimal Bytes (Attributes)
--------------------------------        ----        ----        ------- ----- ------------
_HEADER9                            00000000    00000001 =           1. bytes (ABS,CON)

      Value  Global                              Global Defined In Module
      -----  --------------------------------   ------------------------
ASxxxx Linker V03.00 + NoICE + sdld,  page 24.
Hexadecimal  [32-Bits]

Area                                    Addr        Size        Decimal Bytes (Attributes)
--------------------------------        ----        ----        ------- ----- ------------
_HEADERa                            00000000    00000001 =           1. bytes (ABS,CON)

      Value  Global                              Global Defined In Module
      -----  --------------------------------   ------------------------
ASxxxx Linker V03.00 + NoICE + sdld,  page 25.
Hexadecimal  [32-Bits]

Area                                    Addr        Size        Decimal Bytes (Attributes)
--------------------------------        ----        ----        ------- ----- ------------
_HEADERb                            00000000    00000001 =           1. bytes (ABS,CON)

      Value  Global                              Global Defined In Module
      -----  --------------------------------   ------------------------
ASxxxx Linker V03.00 + NoICE + sdld,  page 26.
Hexadecimal  [32-Bits]

Area                                    Addr        Size        Decimal Bytes (Attributes)
--------------------------------        ----        ----        ------- ----- ------------
_HEADERc                            00000000    00000002 =           2. bytes (ABS,CON)

      Value  Global                              Global Defined In Module
      -----  --------------------------------   ------------------------
ASxxxx Linker V03.00 + NoICE + sdld,  page 27.
Hexadecimal  [32-Bits]

Area                                    Addr        Size        Decimal Bytes (Attributes)
--------------------------------        ----        ----        ------- ----- ------------
_HEADERd                            00000000    00000001 =           1. bytes (ABS,CON)

      Value  Global                              Global Defined In Module
      -----  --------------------------------   ------------------------
ASxxxx Linker V03.00 + NoICE + sdld,  page 28.
Hexadecimal  [32-Bits]

Area                                    Addr        Size        Decimal Bytes (Attributes)
--------------------------------        ----        ----        ------- ----- ------------
_HEADERe                            00000000    00000001 =           1. bytes (ABS,CON)

      Value  Global                              Global Defined In Module
      -----  --------------------------------   ------------------------
ASxxxx Linker V03.00 + NoICE + sdld,  page 29.
Hexadecimal  [32-Bits]

Area                                    Addr        Size        Decimal Bytes (Attributes)
--------------------------------        ----        ----        ------- ----- ------------
_HEADERf                            00000000    00000002 =           2. bytes (ABS,CON)

      Value  Global                              Global Defined In Module
      -----  --------------------------------   ------------------------
ASxxxx Linker V03.00 + NoICE + sdld,  page 30.
Hexadecimal  [32-Bits]

Area                                    Addr        Size        Decimal Bytes (Attributes)
--------------------------------        ----        ----        ------- ----- ------------
_HEADER10                           00000000    00000082 =         130. bytes (ABS,CON)

      Value  Global                              Global Defined In Module
      -----  --------------------------------   ------------------------
     00000150  .reset                             Runtime
     00000150  _reset                             Runtime
     00000157  .code_start                        Runtime
     000001B7  _exit                              Runtime
     000001BB  _set_interrupts                    Runtime

ASxxxx Linker V03.00 + NoICE + sdld,  page 31.
Hexadecimal  [32-Bits]

Area                                    Addr        Size        Decimal Bytes (Attributes)
--------------------------------        ----        ----        ------- ----- ------------
_HEADER11                           00000000    00000001 =           1. bytes (ABS,CON)

      Value  Global                              Global Defined In Module
      -----  --------------------------------   ------------------------
ASxxxx Linker V03.00 + NoICE + sdld,  page 32.
Hexadecimal  [32-Bits]

Area                                    Addr        Size        Decimal Bytes (Attributes)
--------------------------------        ----        ----        ------- ----- ------------
_HOME                               00000DE4    00002B97 =       11159. bytes (REL,CON)

      Value  Global                              Global Defined In Module
      -----  --------------------------------   ------------------------
     00000DE4  .memset_simple                     Runtime
     00000DED  .memcpy_simple                     Runtime
     00000E0A  .remove_VBL                        Runtime
     00000E0D  .remove_int                        Runtime
     00000E2A  .add_VBL                           Runtime
     00000E2D  .add_int                           Runtime
     00000E38  .wait_vbl_done                     Runtime
     00000E38  _wait_vbl_done                     Runtime
     00000E48  .display_off                       Runtime
     00000E48  _display_off                       Runtime
     00000E60  _remove_VBL                        Runtime
     00000E6B  _add_VBL                           Runtime
     00000E76  _actors_update                     actor
     00001273  _SetBankedBkgData                  bankdata
     0000128F  _SetBankedSpriteData               bankdata
     000012AB  _SetBankedBkgTiles                 bankdata
     000012C7  _SetBankedWinTiles                 bankdata
     000012E3  _ReadBankedFarPtr                  bankdata
     0000130A  _ReadBankedUWORD                   bankdata
     00001326  _MemcpyBanked                      bankdata
     00001342  _MemcpyVRAMBanked                  bankdata
     0000135E  _IndexOfFarPtr                     bankdata
     000013F4  _camera_update                     camera
     00001527  _load_animations                   data_manager
     00001586  _events_update                     events
     00001658  _timers_update                     events
     000016E0  _input_update                      input
     00001710  .sio_ISR                           
     0000176A  .timer_ISR                         
     0000177F  _simple_LCD_isr                    interrupts
     000017FB  _fullscreen_LCD_isr                interrupts
     00001827  _VBL_isr                           interrupts
     00001871  _isqrt                             math
     000018C7  _sine_wave                         math
     000019C7  _dir_lookup                        math
     000019CF  _dir_angle_lookup                  math
     000019D3  _hUGETrackerRoutine                music_manager
     000019FF  _music_events_update               music_manager
     00001A81  _music_play_isr                    music_manager
     00001B27  _parallax_LCD_isr                  parallax
     00001B64  _projectiles_update                projectiles
     00002003  _projectiles_render                projectiles
     00002176  _scroll_load_pending_row           scroll
     000021C9  _scroll_load_row                   scroll
     0000220E  _scroll_load_col                   scroll
     00002242  _scroll_load_pending_col           scroll
     0000229A  _set_bkg_submap                    
     000022DD  _set_xy_win_submap                 
     0000230A  .set_xy_win_submap                 
     00002313  .set_xy_bkg_submap                 
ASxxxx Linker V03.00 + NoICE + sdld,  page 33.
Hexadecimal  [32-Bits]

Area                                    Addr        Size        Decimal Bytes (Attributes)
--------------------------------        ----        ----        ------- ----- ------------
_HOME                               00000DE4    00002B97 =       11159. bytes (REL,CON)

      Value  Global                              Global Defined In Module
      -----  --------------------------------   ------------------------
     00002322  .set_xy_submap                     
     00002368  _sfx_play_isr                      sfx_player
     0000243B  _on_SIO_receive                    sio
     0000247C  _SIO_update                        sio
     000024E3  _ui_update                         ui
     00002612  _vm_sgb_transfer                   vm_sgb
     00002660  _vm_load_text                      vm_ui
     000028B5  _vm_switch                         vm
     000029B8  _vm_beginthread                    vm
     00002ADD  _vm_rpn                            vm
     0000321F  _vm_get_far                        vm
     00003289  _vm_call_native                    vm
     0000329C  _VM_STEP                           vm
     0000330A  _script_runner_update              vm
     00003475  _fill_win_rect                     
     00003487  _rand                              
     00003487  _randw                             
     000034B2  _initrand                          
     000034B4  .initrand                          
     000034BD  _get_bkg_data                      
     000034BD  _get_win_data                      
     0000350A  _get_sprite_data                   
     0000353A  __mulsuchar                        mul
     00003544  __muluschar                        mul
     0000354E  __mulschar                         mul
     00003560  __muluchar                         mul
     0000356C  __mulint                           mul
     00003592  _abs                               abs
     000035A1  _set_win_tiles                     
     000035B5  _set_tile_data                     
     000035BA  _set_bkg_data                      
     000035BA  _set_win_data                      
     000035C2  _set_sprite_data                   
     000035F2  _reverse                           reverse
     00003626  ___call__banked                    far_ptr
     00003643  _to_far_ptr                        far_ptr
     0000367C  _add_LCD                           
     00003687  .add_LCD                           
     0000368D  _remove_LCD                        
     00003698  .remove_LCD                        
     0000369E  .fill_rect_wtt                     
     000036A7  .fill_rect_btt                     
     000036F4  .copy_vram                         
     00003708  _get_data                          
     00003708  _set_data                          
     00003708  _vmemcpy                           
     0000371B  _fill_bkg_rect                     
     0000372D  .padup                             
     0000372D  _waitpadup                         
     0000373D  .jpad                              
     0000373D  _joypad                            
ASxxxx Linker V03.00 + NoICE + sdld,  page 34.
Hexadecimal  [32-Bits]

Area                                    Addr        Size        Decimal Bytes (Attributes)
--------------------------------        ----        ----        ------- ----- ------------
_HOME                               00000DE4    00002B97 =       11159. bytes (REL,CON)

      Value  Global                              Global Defined In Module
      -----  --------------------------------   ------------------------
     00003765  _waitpad                           
     00003768  .wait_pad                          
     0000376F  ___sdcc_call_hl                    call_hl
     00003770  ___memcpy                          memcpy
     00003770  _memcpy                            memcpy
     000037B3  _memset                            memset
     000037E6  .set_xy_wtt                        SetTileMap
     000037EF  .set_xy_btt                        SetTileMap
     000037FE  .set_xy_tt                         SetTileMap
     00003840  __divsuchar                        div
     0000384D  __modsuchar                        div
     00003857  __divuschar                        div
     00003869  __moduschar                        div
     00003879  __divschar                         div
     00003885  __modschar                         div
     0000388F  __divsint                          div
     000038A0  __modsint                          div
     000038AF  __divuchar                         div
     000038BB  __moduchar                         div
     000038C5  __divuint                          div
     000038D6  __moduint                          div
     000038E5  .div8                              div
     000038E5  .mod8                              div
     000038ED  .div16                             div
     000038ED  .mod16                             div
     00003923  .divu8                             div
     00003923  .modu8                             div
     00003926  .divu16                            div
     00003926  .modu16                            div
     00003967  _set_bkg_tiles                     

ASxxxx Linker V03.00 + NoICE + sdld,  page 35.
Hexadecimal  [32-Bits]

Area                                    Addr        Size        Decimal Bytes (Attributes)
--------------------------------        ----        ----        ------- ----- ------------
_INITIALIZER                        0000397B    00000019 =          25. bytes (REL,CON)

      Value  Global                              Global Defined In Module
      -----  --------------------------------   ------------------------
ASxxxx Linker V03.00 + NoICE + sdld,  page 36.
Hexadecimal  [32-Bits]

Area                                    Addr        Size        Decimal Bytes (Attributes)
--------------------------------        ----        ----        ------- ----- ------------
_GSINIT                             00003994    00000027 =          39. bytes (REL,CON)

      Value  Global                              Global Defined In Module
      -----  --------------------------------   ------------------------
     00003994  gsinit                             Runtime

ASxxxx Linker V03.00 + NoICE + sdld,  page 37.
Hexadecimal  [32-Bits]

Area                                    Addr        Size        Decimal Bytes (Attributes)
--------------------------------        ----        ----        ------- ----- ------------
_GSFINAL                            000039BB    00000001 =           1. bytes (REL,CON)

      Value  Global                              Global Defined In Module
      -----  --------------------------------   ------------------------
ASxxxx Linker V03.00 + NoICE + sdld,  page 38.
Hexadecimal  [32-Bits]

Area                                    Addr        Size        Decimal Bytes (Attributes)
--------------------------------        ----        ----        ------- ----- ------------
_DATA                               0000C0A0    0000197E =        6526. bytes (REL,CON)

      Value  Global                              Global Defined In Module
      -----  --------------------------------   ------------------------
     0000C0A0  __cpu                              Runtime
     0000C0A1  __is_GBA                           Runtime
     0000C0A2  .mode                              Runtime
     0000C0A3  .sys_time                          Runtime
     0000C0A3  _sys_time                          Runtime
     0000C0A5  .int_0x40                          Runtime
     0000C0B9  _actors                            actor
     0000C4FD  _actors_active_head                actor
     0000C4FF  _actors_active_tail                actor
     0000C501  _actors_inactive_head              actor
     0000C503  _screen_x                          actor
     0000C504  _screen_y                          actor
     0000C505  _invalid                           actor
     0000C507  _player_moving                     actor
     0000C508  _player_iframes                    actor
     0000C509  _player_collision_actor            actor
     0000C50B  _emote_actor                       actor
     0000C50D  _emote_timer                       actor
     0000C50E  _allocated_hardware_sprites        actor
     0000C51A  _camera_x                          camera
     0000C51C  _camera_y                          camera
     0000C51E  _camera_offset_x                   camera
     0000C51F  _camera_offset_y                   camera
     0000C520  _camera_deadzone_x                 camera
     0000C521  _camera_deadzone_y                 camera
     0000C522  _camera_settings                   camera
     0000C526  _current_scene                     data_manager
     0000C529  _image_bank                        data_manager
     0000C52A  _image_ptr                         data_manager
     0000C52C  _image_attr_bank                   data_manager
     0000C52D  _image_attr_ptr                    data_manager
     0000C52F  _collision_bank                    data_manager
     0000C530  _collision_ptr                     data_manager
     0000C532  _image_tile_width                  data_manager
     0000C533  _image_tile_height                 data_manager
     0000C534  _image_width                       data_manager
     0000C536  _image_height                      data_manager
     0000C538  _sprites_len                       data_manager
     0000C539  _actors_len                        data_manager
     0000C53A  _projectiles_len                   data_manager
     0000C53B  _player_sprite_len                 data_manager
     0000C53C  _scene_type                        data_manager
     0000C53D  _scene_LCD_type                    data_manager
     0000C53E  _scene_stack                       data_manager
     0000C57E  _scene_stack_ptr                   data_manager
     0000C580  _scene_sprites_base_tiles          data_manager
     0000C5C0  _input_events                      events
     0000C5E8  _input_slots                       events
     0000C5F0  _timer_events                      events
     0000C604  _timer_values                      events
ASxxxx Linker V03.00 + NoICE + sdld,  page 39.
Hexadecimal  [32-Bits]

Area                                    Addr        Size        Decimal Bytes (Attributes)
--------------------------------        ----        ----        ------- ----- ------------
_DATA                               0000C0A0    0000197E =        6526. bytes (REL,CON)

      Value  Global                              Global Defined In Module
      -----  --------------------------------   ------------------------
     0000C60C  _fade_running                      fade_manager
     0000C60D  _fade_frames_per_step              fade_manager
     0000C60E  _fade_timer                        fade_manager
     0000C616  _joypads                           input
     0000C61B  _frame_joy                         input
     0000C61C  _last_joy                          input
     0000C61D  _recent_joy                        input
     0000C61E  _SIO_status                        
     0000C61F  _link_byte_sent                    
     0000C620  _link_next_mode                    
     0000C621  _save_blob_size                    load_save
     0000C623  _routine_queue                     music_manager
     0000C627  _routine_queue_head                music_manager
     0000C628  _routine_queue_tail                music_manager
     0000C629  _music_events                      music_manager
     0000C63D  _music_current_track_bank          music_manager
     0000C63E  _music_mute_flag                   music_manager
     0000C63F  _music_mute_mask                   music_manager
     0000C640  _music_next_track                  music_manager
     0000C642  _music_current_track               music_manager
     0000C644  _music_play_isr_counter            music_manager
     0000C645  _music_play_isr_pause              music_manager
     0000C646  _music_global_mute_mask            music_manager
     0000C647  _music_sfx_priority                music_manager
     0000C648  _DMG_palette                       palette
     0000C64B  _SprPalette                        palette
     0000C68B  _parallax_rows                     parallax
     0000C69D  _parallax_row                      parallax
     0000C69F  _projectiles                       projectiles
     0000C758  _projectile_defs                   projectiles
     0000C7CB  _projectiles_active_head           projectiles
     0000C7CD  _projectiles_inactive_head         projectiles
     0000C7D4  _scroll_x                          scroll
     0000C7D6  _scroll_y                          scroll
     0000C7D8  _draw_scroll_x                     scroll
     0000C7DA  _draw_scroll_y                     scroll
     0000C7DC  _scroll_x_max                      scroll
     0000C7DE  _scroll_y_max                      scroll
     0000C7E0  _scroll_offset_x                   scroll
     0000C7E1  _scroll_offset_y                   scroll
     0000C7E2  _pending_h_x                       scroll
     0000C7E3  _pending_h_y                       scroll
     0000C7E4  _pending_h_i                       scroll
     0000C7E5  _pending_w_x                       scroll
     0000C7E6  _pending_w_y                       scroll
     0000C7E7  _pending_w_i                       scroll
     0000C7E8  _current_row                       scroll
     0000C7EA  _new_row                           scroll
     0000C7EC  _current_col                       scroll
     0000C7EE  _new_col                           scroll
     0000C7F0  .image_tile_width                  
ASxxxx Linker V03.00 + NoICE + sdld,  page 40.
Hexadecimal  [32-Bits]

Area                                    Addr        Size        Decimal Bytes (Attributes)
--------------------------------        ----        ----        ------- ----- ------------
_DATA                               0000C0A0    0000197E =        6526. bytes (REL,CON)

      Value  Global                              Global Defined In Module
      -----  --------------------------------   ------------------------
     0000C7F1  _sfx_play_bank                     sfx_player
     0000C7F2  _sfx_play_sample                   sfx_player
     0000C7F4  _sfx_frame_skip                    sfx_player
     0000C7F5  _link_operation_mode               sio
     0000C7F6  _link_packet                       sio
     0000C816  _link_packet_len                   sio
     0000C817  _link_packet_ptr                   sio
     0000C819  _link_packet_received              sio
     0000C81A  _link_packet_snd_len               sio
     0000C81B  _link_packet_snd_ptr               sio
     0000C81D  _link_packet_sent                  sio
     0000C81E  __is_CGB                           system
     0000C81F  __is_SGB                           system
     0000C820  __current_ram_bank                 system
     0000C821  _triggers                          trigger
     0000C919  _last_trigger_tx                   trigger
     0000C91A  _last_trigger_ty                   trigger
     0000C91B  _last_trigger                      trigger
     0000C91C  _win_pos_x                         ui
     0000C91D  _win_dest_pos_x                    ui
     0000C91E  _win_pos_y                         ui
     0000C91F  _win_dest_pos_y                    ui
     0000C920  _win_speed                         ui
     0000C921  _text_drawn                        ui
     0000C922  _current_text_speed                ui
     0000C923  _text_wait                         ui
     0000C924  _text_options                      ui
     0000C925  _text_in_speed                     ui
     0000C926  _text_out_speed                    ui
     0000C927  _text_draw_speed                   ui
     0000C928  _text_ff_joypad                    ui
     0000C929  _text_ff                           ui
     0000C92A  _text_bkg_fill                     ui
     0000C92B  _ui_text_data                      ui
     0000CA35  _vwf_current_mask                  ui
     0000CA36  _vwf_current_rotate                ui
     0000CA37  _vwf_inverse_map                   ui
     0000CA38  _vwf_direction                     ui
     0000CA39  _vwf_current_font_desc             ui
     0000CA41  _vwf_current_font_bank             ui
     0000CA42  _vwf_current_font_idx              ui
     0000CA43  _text_render_base_addr             ui
     0000CA45  _text_scroll_addr                  ui
     0000CA47  _text_scroll_width                 ui
     0000CA48  _text_scroll_height                ui
     0000CA49  _text_scroll_fill                  ui
     0000CA4A  _text_sound_mask                   ui
     0000CA4B  _text_sound_bank                   ui
     0000CA4C  _text_sound_data                   ui
     0000CA54  __itoa_fmt_len                     vm_ui_a
     0000CA55  .itoa_fmt_buf                      vm_ui_a
ASxxxx Linker V03.00 + NoICE + sdld,  page 41.
Hexadecimal  [32-Bits]

Area                                    Addr        Size        Decimal Bytes (Attributes)
--------------------------------        ----        ----        ------- ----- ------------
_DATA                               0000C0A0    0000197E =        6526. bytes (REL,CON)

      Value  Global                              Global Defined In Module
      -----  --------------------------------   ------------------------
     0000CA58  _CTXS                              vm
     0000CB88  _first_ctx                         vm
     0000CB8A  _free_ctxs                         vm
     0000CB8C  _old_executing_ctx                 vm
     0000CB8E  _executing_ctx                     vm
     0000CB90  _vm_lock_state                     vm
     0000CB91  _vm_loaded_state                   vm
     0000CB92  _vm_exception_code                 vm
     0000CB93  _vm_exception_params_length        vm
     0000CB94  _vm_exception_params_bank          vm
     0000CB95  _vm_exception_params_offset        vm
     0000CB98  _script_memory                     vm
     0000D99E  _grounded                          platform
     0000D99F  _on_ladder                         platform
     0000D9A0  _pl_vel_x                          platform
     0000D9A2  _pl_vel_y                          platform
     0000D9A4  _plat_min_vel                      platform
     0000D9A6  _plat_walk_vel                     platform
     0000D9A8  _plat_climb_vel                    platform
     0000D9AA  _plat_run_vel                      platform
     0000D9AC  _plat_walk_acc                     platform
     0000D9AE  _plat_run_acc                      platform
     0000D9B0  _plat_dec                          platform
     0000D9B2  _plat_jump_vel                     platform
     0000D9B4  _plat_grav                         platform
     0000D9B6  _plat_hold_grav                    platform
     0000D9B8  _plat_max_fall_vel                 platform
     0000D9BA  _shooter_reached_end               shmup
     0000D9BB  _shooter_dest                      shmup
     0000D9BD  _shooter_direction                 shmup
     0000D9BE  _topdown_grid                      topdown
     0000D9BF  ___rand_seed                       
     0000D9DD  _hUGE_current_wave                 hUGEDriver_obj
     0000D9DD  hUGE_current_wave                  hUGEDriver_obj
     0000D9DE  _hUGE_mute_mask                    hUGEDriver_obj
     0000DA07  ___call_banked_addr                far_ptr
     0000DA07  ___call_banked_ptr                 far_ptr
     0000DA09  ___call_banked_bank                far_ptr
     0000DA0B  .int_0x48                          
     0000DA1B  ___current_metasprite              Metasprites
     0000DA1D  ___current_base_tile               Metasprites

ASxxxx Linker V03.00 + NoICE + sdld,  page 42.
Hexadecimal  [32-Bits]

Area                                    Addr        Size        Decimal Bytes (Attributes)
--------------------------------        ----        ----        ------- ----- ------------
_INITIALIZED                        0000DA1E    00000019 =          25. bytes (REL,CON)

      Value  Global                              Global Defined In Module
      -----  --------------------------------   ------------------------
     0000DA1E  _fade_style                        fade_manager
     0000DA1F  _game_time                         game_time
     0000DA20  _PRN_PKT_START                     gbprinter
     0000DA2E  _hide_sprites                      interrupts
     0000DA2F  _show_actors_on_overlay            interrupts
     0000DA30  _overlay_cut_scanline              interrupts
     0000DA31  _triggers_len                      trigger
     0000DA32  _exchange_state                    vm_sio
     0000DA33  _last_hit_trigger                  pointnclick
     0000DA34  _shooter_scroll_speed              shmup
     0000DA35  ___render_shadow_OAM               Metasprites
     0000DA36  __map_tile_offset                  SetTileMap
ASxxxx Linker V03.00 + NoICE + sdld,  page 43.
Hexadecimal  [32-Bits]

Area                                    Addr        Size        Decimal Bytes (Attributes)
--------------------------------        ----        ----        ------- ----- ------------
_HRAM12                             00000000    00000003 =           3. bytes (ABS,CON)

      Value  Global                              Global Defined In Module
      -----  --------------------------------   ------------------------
     0000FF90  __current_bank                     Runtime
     0000FF92  __shadow_OAM_base                  Runtime

ASxxxx Linker V03.00 + NoICE + sdld,  page 44.
Hexadecimal  [32-Bits]

Area                                    Addr        Size        Decimal Bytes (Attributes)
--------------------------------        ----        ----        ------- ----- ------------
_EHL_TRAMPOLINE0                    00000000    00000011 =          17. bytes (ABS,CON)

      Value  Global                              Global Defined In Module
      -----  --------------------------------   ------------------------
     00000008  ___sdcc_bcall_ehl                  

ASxxxx Linker V03.00 + NoICE + sdld,  page 45.
Hexadecimal  [32-Bits]

Area                                    Addr        Size        Decimal Bytes (Attributes)
--------------------------------        ----        ----        ------- ----- ------------
_CODE_1                             00014000    00004000 =       16384. bytes (REL,CON)

      Value  Global                              Global Defined In Module
      -----  --------------------------------   ------------------------
     00014000  ___func_ACTOR                      actor
     00014000  _actors_init                       actor
     0001403A  _emote_offsets                     actor
     00014049  _emote_metasprite                  actor
     00014055  _player_init                       actor
     0001406A  _deactivate_actor                  actor
     000141DB  _activate_actor                    actor
     0001431A  _activate_actors_in_row            actor
     00014411  _activate_actors_in_col            actor
     00014562  _actor_set_frames                  actor
     000145B6  _actor_set_frame_offset            actor
     000145F3  _actor_get_frame_offset            actor
     00014606  _actor_set_anim_idle               actor
     00014634  _actor_set_anim_moving             actor
     00014665  _actor_set_dir                     actor
     000146CA  _actor_at_tile                     actor
     000147A0  _actor_in_front_of_player          actor
     00014887  _actor_overlapping_player          actor
     00014B20  _actor_overlapping_bb              actor
     00014D3F  _actors_handle_player_collision    actor
     00014DCA  _check_collision_in_direction      actor
     000155BA  _ui_swap_tiles                     
     00015604  _ui_print_make_mask_lr             
     00015620  _ui_print_make_mask_rl             
     0001563C  _ui_init                           ui
     00015705  _ui_load_tiles                     ui
     0001575C  _ui_draw_frame                     ui
     000157CB  _ui_print_reset                    ui
     000157FF  _ui_set_start_tile                 ui
     0001582B  _ui_print_render                   ui
     00015A1F  _ui_draw_text_buffer_char          ui
     00015E85  _ui_run_menu                       ui
     000160DE  _ui_run_modal                      ui
     000161AD  ___func_VM_CAMERA                  vm_camera
     000161AD  _vm_camera_move_to                 vm_camera
     00016300  _vm_camera_set_pos                 vm_camera
     00016347  _camera_shake_frames               vm_camera
     0001643F  ___func_VM_SGB                     vm_sgb
     0001643F  ___func_bg_map_doodle_2_tilemap    bg_map_doodle_2_tilemap
     0001643F  _bg_map_doodle_2_tilemap           bg_map_doodle_2_tilemap
     0001782B  ___func_sprite_main_char           sprite_main_char
     0001782B  _sprite_main_char_metasprite_0     sprite_main_char
     00017837  _sprite_main_char_metasprite_1     sprite_main_char
     00017843  _sprite_main_char_metasprite_2     sprite_main_char
     0001784F  _sprite_main_char_metasprite_3     sprite_main_char
     0001785B  _sprite_main_char_metasprite_4     sprite_main_char
     00017867  _sprite_main_char_metasprite_5     sprite_main_char
[...]
     0004603B  _vm_memset                         vm
     00046080  _vm_memcpy                         vm
     00046100  _script_runner_init                vm
     000461BC  _script_execute                    vm
     00046301  _script_terminate                  vm
     00046367  _script_detach_hthread             vm
     000463A4  ___func_bg_altar_1_tileset         bg_altar_1_tileset
     000463A4  _bg_altar_1_tileset                bg_altar_1_tileset
     00046E86  ___func_palette_1                  palette_1
     00046E86  _palette_1                         palette_1
     00046E89  ___func_scene_5_triggers           scene_5_triggers
     00046E89  _scene_5_triggers                  scene_5_triggers
     00046EC9  _platform_init                     platform
     0004707D  _platform_update                   platform

ASxxxx Linker V03.00 + NoICE + sdld,  page 65.
Hexadecimal  [32-Bits]

Area                                    Addr        Size        Decimal Bytes (Attributes)
--------------------------------        ----        ----        ------- ----- ------------
_CODE_2                             00024000    00003FFF =       16383. bytes (REL,CON)

      Value  Global                              Global Defined In Module
      -----  --------------------------------   ------------------------
     00024000  ___func_bg_map_doodle_2_tileset    bg_map_doodle_2_tileset
     00024000  _bg_map_doodle_2_tileset           bg_map_doodle_2_tileset
     00024422  ___func_bg_map_doodle_3_tilemap    bg_map_doodle_3_tilemap
     00024422  _bg_map_doodle_3_tilemap           bg_map_doodle_3_tilemap
     0002580E  ___func_bg_map_tilemap             bg_map_tilemap
     0002580E  _bg_map_tilemap                    bg_map_tilemap
     00026BFA  ___func_scene_18_collisions        scene_18_collisions
     00026BFA  _scene_18_collisions               scene_18_collisions
     00027FE6  _spritesheet_none_metasprite       spritesheet_none
     00027FEA  _spritesheet_none_metasprites      spritesheet_none
     00027FEC  _spritesheet_none                  spritesheet_none

ASxxxx Linker V03.00 + NoICE + sdld,  page 66.
Hexadecimal  [32-Bits]

Area                                    Addr        Size        Decimal Bytes (Attributes)
--------------------------------        ----        ----        ------- ----- ------------
_HEADER_LCD0                        00000000    00000003 =           3. bytes (ABS,CON)

      Value  Global                              Global Defined In Module
      -----  --------------------------------   ------------------------
ASxxxx Linker V03.00 + NoICE + sdld,  page 67.

Files Linked                              [ module(s) ]

/tmp/_gbstools/gbdk/lib/small/asxxxx/gb/crt0.o
                                          [ Runtime ]
/tmp/_gbsbuild/obj/___sdcc_bcall_ehl.rel  [  ]
/tmp/_gbsbuild/obj/absolute.rel           [ absolute ]
/tmp/_gbsbuild/obj/actor.rel              [ actor ]
/tmp/_gbsbuild/obj/bankdata.rel           [ bankdata ]
/tmp/_gbsbuild/obj/bootstrap.rel          [  ]
/tmp/_gbsbuild/obj/camera.rel             [ camera ]
/tmp/_gbsbuild/obj/core.rel               [ core ]
/tmp/_gbsbuild/obj/crash_handler.rel      [  ]
/tmp/_gbsbuild/obj/data_manager.rel       [ data_manager ]
/tmp/_gbsbuild/obj/events.rel             [ events ]
/tmp/_gbsbuild/obj/fade_manager.rel       [ fade_manager ]
/tmp/_gbsbuild/obj/flasher_s.rel          [  ]
/tmp/_gbsbuild/obj/flasher.rel            [ flasher ]
/tmp/_gbsbuild/obj/game_time.rel          [ game_time ]
/tmp/_gbsbuild/obj/gbprinter.rel          [ gbprinter ]
/tmp/_gbsbuild/obj/input.rel              [ input ]
/tmp/_gbsbuild/obj/interrupt_sio.rel      [  ]
/tmp/_gbsbuild/obj/interrupt_timer.rel    [  ]
/tmp/_gbsbuild/obj/interrupts.rel         [ interrupts ]
/tmp/_gbsbuild/obj/load_save.rel          [ load_save ]
/tmp/_gbsbuild/obj/math.rel               [ math ]
/tmp/_gbsbuild/obj/music_manager.rel      [ music_manager ]
/tmp/_gbsbuild/obj/palette.rel            [ palette ]
/tmp/_gbsbuild/obj/parallax.rel           [ parallax ]
/tmp/_gbsbuild/obj/projectiles.rel        [ projectiles ]
/tmp/_gbsbuild/obj/scroll_a.rel           [  ]
/tmp/_gbsbuild/obj/scroll.rel             [ scroll ]
/tmp/_gbsbuild/obj/set_tile_submap.rel    [  ]
/tmp/_gbsbuild/obj/sfx_player.rel         [ sfx_player ]
/tmp/_gbsbuild/obj/sgb_border.rel         [ sgb_border ]
/tmp/_gbsbuild/obj/sio.rel                [ sio ]
/tmp/_gbsbuild/obj/states_caller.rel      [  ]
/tmp/_gbsbuild/obj/system.rel             [ system ]
/tmp/_gbsbuild/obj/trigger.rel            [ trigger ]
/tmp/_gbsbuild/obj/ui_a.rel               [  ]
/tmp/_gbsbuild/obj/ui.rel                 [ ui ]
/tmp/_gbsbuild/obj/vm_actor.rel           [ vm_actor ]
/tmp/_gbsbuild/obj/vm_camera.rel          [ vm_camera ]
/tmp/_gbsbuild/obj/vm_gameboy.rel         [ vm_gameboy ]
/tmp/_gbsbuild/obj/vm_gbprinter.rel       [ vm_gbprinter ]
/tmp/_gbsbuild/obj/vm_instructions.rel    [ vm_instructions ]
/tmp/_gbsbuild/obj/vm_load_save.rel       [ vm_load_save ]
/tmp/_gbsbuild/obj/vm_math.rel            [ vm_math ]
/tmp/_gbsbuild/obj/vm_music.rel           [ vm_music ]
/tmp/_gbsbuild/obj/vm_palette.rel         [ vm_palette ]
/tmp/_gbsbuild/obj/vm_projectiles.rel     [ vm_projectiles ]
/tmp/_gbsbuild/obj/vm_rtc.rel             [ vm_rtc ]
/tmp/_gbsbuild/obj/vm_scene.rel           [ vm_scene ]
/tmp/_gbsbuild/obj/vm_sgb.rel             [ vm_sgb ]
/tmp/_gbsbuild/obj/vm_sio.rel             [ vm_sio ]
/tmp/_gbsbuild/obj/vm_ui_a.rel            [ vm_ui_a ]
/tmp/_gbsbuild/obj/vm_ui.rel              [ vm_ui ]
/tmp/_gbsbuild/obj/vm.rel                 [ vm ]
/tmp/_gbsbuild/obj/actor_0_interact.rel   [ actor_0_interact ]
/tmp/_gbsbuild/obj/actor_0_update.rel     [ actor_0_update ]
/tmp/_gbsbuild/obj/actor_1_interact.rel   [ actor_1_interact ]
/tmp/_gbsbuild/obj/actor_1_update.rel     [ actor_1_update ]
/tmp/_gbsbuild/obj/actor_10_update.rel    [ actor_10_update ]
/tmp/_gbsbuild/obj/actor_11_interact.rel  [ actor_11_interact ]
/tmp/_gbsbuild/obj/actor_11_update.rel    [ actor_11_update ]
/tmp/_gbsbuild/obj/actor_12_update.rel    [ actor_12_update ]
/tmp/_gbsbuild/obj/actor_13_update.rel    [ actor_13_update ]
/tmp/_gbsbuild/obj/actor_2_interact.rel   [ actor_2_interact ]
/tmp/_gbsbuild/obj/actor_3_interact.rel   [ actor_3_interact ]
/tmp/_gbsbuild/obj/actor_3_update.rel     [ actor_3_update ]
/tmp/_gbsbuild/obj/actor_4_interact.rel   [ actor_4_interact ]
/tmp/_gbsbuild/obj/actor_5_interact.rel   [ actor_5_interact ]
/tmp/_gbsbuild/obj/actor_5_update.rel     [ actor_5_update ]
/tmp/_gbsbuild/obj/actor_6_interact.rel   [ actor_6_interact ]
/tmp/_gbsbuild/obj/actor_8_interact.rel   [ actor_8_interact ]
/tmp/_gbsbuild/obj/actor_9_update.rel     [ actor_9_update ]
/tmp/_gbsbuild/obj/avatar_font_0.rel      [ avatar_font_0 ]
/tmp/_gbsbuild/obj/bg_altar_1_tilemap.rel
                                          [ bg_altar_1_tilemap ]
/tmp/_gbsbuild/obj/bg_altar_1_tileset.rel
                                          [ bg_altar_1_tileset ]
/tmp/_gbsbuild/obj/bg_altar_1.rel         [ bg_altar_1 ]
/tmp/_gbsbuild/obj/bg_cave_tilemap.rel    [ bg_cave_tilemap ]
/tmp/_gbsbuild/obj/bg_cave_tileset.rel    [ bg_cave_tileset ]
/tmp/_gbsbuild/obj/bg_cave.rel            [ bg_cave ]
/tmp/_gbsbuild/obj/bg_house_wide_tilemap.rel
                                          [ bg_house_wide_tilemap ]
/tmp/_gbsbuild/obj/bg_house_wide_tileset.rel
                                          [ bg_house_wide_tileset ]
/tmp/_gbsbuild/obj/bg_house_wide.rel      [ bg_house_wide ]
/tmp/_gbsbuild/obj/bg_map_doodle_2_tilemap.rel
                                          [ bg_map_doodle_2_tilemap ]
/tmp/_gbsbuild/obj/bg_map_doodle_2_tileset.rel
                                          [ bg_map_doodle_2_tileset ]
/tmp/_gbsbuild/obj/bg_map_doodle_2.rel    [ bg_map_doodle_2 ]
/tmp/_gbsbuild/obj/bg_map_doodle_3_tilemap.rel
                                          [ bg_map_doodle_3_tilemap ]
/tmp/_gbsbuild/obj/bg_map_doodle_3_tileset.rel
                                          [ bg_map_doodle_3_tileset ]
/tmp/_gbsbuild/obj/bg_map_doodle_3.rel    [ bg_map_doodle_3 ]
/tmp/_gbsbuild/obj/bg_map_tilemap.rel     [ bg_map_tilemap ]
/tmp/_gbsbuild/obj/bg_map_tileset.rel     [ bg_map_tileset ]
/tmp/_gbsbuild/obj/bg_map.rel             [ bg_map ]
/tmp/_gbsbuild/obj/bg_titlescreen_tilemap.rel
                                          [ bg_titlescreen_tilemap ]
/tmp/_gbsbuild/obj/bg_titlescreen_tileset.rel
                                          [ bg_titlescreen_tileset ]
/tmp/_gbsbuild/obj/bg_titlescreen.rel     [ bg_titlescreen ]
/tmp/_gbsbuild/obj/cursor_image.rel       [ cursor_image ]
/tmp/_gbsbuild/obj/font_gbs_variable_width.rel
                                          [ font_gbs_variable_width ]
/tmp/_gbsbuild/obj/frame_image.rel        [ frame_image ]
/tmp/_gbsbuild/obj/game_signature.rel     [ game_signature ]
/tmp/_gbsbuild/obj/song_drum_example_Data.rel
                                          [ song_drum_example_Data ]
/tmp/_gbsbuild/obj/song_rulz_lightmood_0_Data.rel
                                          [ song_rulz_lightmood_0_Data ]
/tmp/_gbsbuild/obj/palette_0.rel          [ palette_0 ]
/tmp/_gbsbuild/obj/palette_1.rel          [ palette_1 ]
/tmp/_gbsbuild/obj/scene_18_collisions.rel
                                          [ scene_18_collisions ]
/tmp/_gbsbuild/obj/scene_18_init.rel      [ scene_18_init ]
/tmp/_gbsbuild/obj/scene_18_triggers.rel  [ scene_18_triggers ]
/tmp/_gbsbuild/obj/scene_18.rel           [ scene_18 ]
/tmp/_gbsbuild/obj/scene_4_actors.rel     [ scene_4_actors ]
/tmp/_gbsbuild/obj/scene_4_collisions.rel
                                          [ scene_4_collisions ]
/tmp/_gbsbuild/obj/scene_4_init.rel       [ scene_4_init ]
/tmp/_gbsbuild/obj/scene_4_sprites.rel    [ scene_4_sprites ]
/tmp/_gbsbuild/obj/scene_4_triggers.rel   [ scene_4_triggers ]
/tmp/_gbsbuild/obj/scene_4.rel            [ scene_4 ]
/tmp/_gbsbuild/obj/scene_5_collisions.rel
                                          [ scene_5_collisions ]
/tmp/_gbsbuild/obj/scene_5_init.rel       [ scene_5_init ]
/tmp/_gbsbuild/obj/scene_5_triggers.rel   [ scene_5_triggers ]
/tmp/_gbsbuild/obj/scene_5.rel            [ scene_5 ]
/tmp/_gbsbuild/obj/scene_6_actors.rel     [ scene_6_actors ]
/tmp/_gbsbuild/obj/scene_6_collisions.rel
                                          [ scene_6_collisions ]
/tmp/_gbsbuild/obj/scene_6_init.rel       [ scene_6_init ]
/tmp/_gbsbuild/obj/scene_6_sprites.rel    [ scene_6_sprites ]
/tmp/_gbsbuild/obj/scene_6_triggers.rel   [ scene_6_triggers ]
/tmp/_gbsbuild/obj/scene_6.rel            [ scene_6 ]
/tmp/_gbsbuild/obj/scene_7_actors.rel     [ scene_7_actors ]
/tmp/_gbsbuild/obj/scene_7_collisions.rel
                                          [ scene_7_collisions ]
/tmp/_gbsbuild/obj/scene_7_init.rel       [ scene_7_init ]
/tmp/_gbsbuild/obj/scene_7_projectiles.rel
                                          [ scene_7_projectiles ]
/tmp/_gbsbuild/obj/scene_7_sprites.rel    [ scene_7_sprites ]
/tmp/_gbsbuild/obj/scene_7.rel            [ scene_7 ]
/tmp/_gbsbuild/obj/scene_8_actors.rel     [ scene_8_actors ]
/tmp/_gbsbuild/obj/scene_8_collisions.rel
                                          [ scene_8_collisions ]
/tmp/_gbsbuild/obj/scene_8_init.rel       [ scene_8_init ]
/tmp/_gbsbuild/obj/scene_8_p_hit1.rel     [ scene_8_p_hit1 ]
/tmp/_gbsbuild/obj/scene_8_sprites.rel    [ scene_8_sprites ]
/tmp/_gbsbuild/obj/scene_8_triggers.rel   [ scene_8_triggers ]
/tmp/_gbsbuild/obj/scene_8.rel            [ scene_8 ]
/tmp/_gbsbuild/obj/scene_logo_collisions.rel
                                          [ scene_logo_collisions ]
/tmp/_gbsbuild/obj/scene_logo_init.rel    [ scene_logo_init ]
/tmp/_gbsbuild/obj/scene_logo.rel         [ scene_logo ]
/tmp/_gbsbuild/obj/scene_title_screen_collisions.rel
                                          [ scene_title_screen_collisions ]
/tmp/_gbsbuild/obj/scene_title_screen_init.rel
                                          [ scene_title_screen_init ]
/tmp/_gbsbuild/obj/scene_title_screen.rel
                                          [ scene_title_screen ]
/tmp/_gbsbuild/obj/script_engine_init.rel
                                          [  ]
/tmp/_gbsbuild/obj/script_turnip_collisions.rel
                                          [ script_turnip_collisions ]
/tmp/_gbsbuild/obj/sprite_bullet_tileset.rel
                                          [ sprite_bullet_tileset ]
/tmp/_gbsbuild/obj/sprite_bullet.rel      [ sprite_bullet ]
/tmp/_gbsbuild/obj/sprite_coins_tileset.rel
                                          [ sprite_coins_tileset ]
/tmp/_gbsbuild/obj/sprite_coins.rel       [ sprite_coins ]
/tmp/_gbsbuild/obj/sprite_fire_skull_animation_tileset.rel
                                          [ sprite_fire_skull_animation_tile ]
/tmp/_gbsbuild/obj/sprite_fire_skull_animation.rel
                                          [ sprite_fire_skull_animation ]
/tmp/_gbsbuild/obj/sprite_hedgehog_tileset.rel
                                          [ sprite_hedgehog_tileset ]
/tmp/_gbsbuild/obj/sprite_hedgehog.rel    [ sprite_hedgehog ]
/tmp/_gbsbuild/obj/sprite_main_char_tileset.rel
                                          [ sprite_main_char_tileset ]
/tmp/_gbsbuild/obj/sprite_main_char.rel   [ sprite_main_char ]
/tmp/_gbsbuild/obj/sprite_npc_gardener_tileset.rel
                                          [ sprite_npc_gardener_tileset ]
/tmp/_gbsbuild/obj/sprite_npc_gardener.rel
                                          [ sprite_npc_gardener ]
/tmp/_gbsbuild/obj/sprite_npc004_sheet_tileset.rel
                                          [ sprite_npc004_sheet_tileset ]
/tmp/_gbsbuild/obj/sprite_npc004_sheet.rel
                                          [ sprite_npc004_sheet ]
/tmp/_gbsbuild/obj/sprite_npc006_tileset.rel
                                          [ sprite_npc006_tileset ]
/tmp/_gbsbuild/obj/sprite_npc006.rel      [ sprite_npc006 ]
/tmp/_gbsbuild/obj/sprite_player_platform_tileset.rel
                                          [ sprite_player_platform_tileset ]
/tmp/_gbsbuild/obj/sprite_player_platform.rel
                                          [ sprite_player_platform ]
/tmp/_gbsbuild/obj/sprite_player_tileset.rel
                                          [ sprite_player_tileset ]
/tmp/_gbsbuild/obj/sprite_player.rel      [ sprite_player ]
/tmp/_gbsbuild/obj/sprite_turnip_tileset.rel
                                          [ sprite_turnip_tileset ]
/tmp/_gbsbuild/obj/sprite_turnip.rel      [ sprite_turnip ]
/tmp/_gbsbuild/obj/spritesheet_none.rel   [ spritesheet_none ]
/tmp/_gbsbuild/obj/trigger_0_interact.rel
                                          [ trigger_0_interact ]
/tmp/_gbsbuild/obj/trigger_1_interact.rel
                                          [ trigger_1_interact ]
/tmp/_gbsbuild/obj/trigger_10_interact.rel
                                          [ trigger_10_interact ]
/tmp/_gbsbuild/obj/trigger_11_interact.rel
                                          [ trigger_11_interact ]
/tmp/_gbsbuild/obj/trigger_12_interact.rel
                                          [ trigger_12_interact ]
/tmp/_gbsbuild/obj/trigger_13_interact.rel
                                          [ trigger_13_interact ]
/tmp/_gbsbuild/obj/trigger_14_interact.rel
                                          [ trigger_14_interact ]
/tmp/_gbsbuild/obj/trigger_15_interact.rel
                                          [ trigger_15_interact ]
/tmp/_gbsbuild/obj/trigger_2_interact.rel
                                          [ trigger_2_interact ]
/tmp/_gbsbuild/obj/trigger_3_interact.rel
                                          [ trigger_3_interact ]
/tmp/_gbsbuild/obj/trigger_4_interact.rel
                                          [ trigger_4_interact ]
/tmp/_gbsbuild/obj/trigger_42_interact.rel
                                          [ trigger_42_interact ]
/tmp/_gbsbuild/obj/trigger_43_interact.rel
                                          [ trigger_43_interact ]
/tmp/_gbsbuild/obj/trigger_5_interact.rel
                                          [ trigger_5_interact ]
/tmp/_gbsbuild/obj/trigger_6_interact.rel
                                          [ trigger_6_interact ]
/tmp/_gbsbuild/obj/trigger_7_interact.rel
                                          [ trigger_7_interact ]
/tmp/_gbsbuild/obj/trigger_8_interact.rel
                                          [ trigger_8_interact ]
/tmp/_gbsbuild/obj/trigger_9_interact.rel
                                          [ trigger_9_interact ]
/tmp/_gbsbuild/obj/main.rel               [ main ]
/tmp/_gbsbuild/obj/adventure.rel          [ adventure ]
/tmp/_gbsbuild/obj/logo.rel               [ logo ]
/tmp/_gbsbuild/obj/platform.rel           [ platform ]
/tmp/_gbsbuild/obj/pointnclick.rel        [ pointnclick ]
/tmp/_gbsbuild/obj/shmup.rel              [ shmup ]
/tmp/_gbsbuild/obj/states_ptrs.rel        [  ]
/tmp/_gbsbuild/obj/topdown.rel            [ topdown ]


Libraries Linked                          [ object file ]

/tmp/_gbstools/gbdk/lib/small/asxxxx/gb/gb.lib
                                          [ fill_rect_wi.o ]
/tmp/_gbstools/gbdk/lib/small/asxxxx/gbz80/gbz80.lib
                                          [ rand.o ]
lib/hUGEDriver.lib                        [ hUGEDriver.obj.o ]
/tmp/_gbstools/gbdk/lib/small/asxxxx/gb/gb.lib
                                          [ sfr.o ]
/tmp/_gbstools/gbdk/lib/small/asxxxx/gb/gb.lib
                                          [ get_data.o ]
/tmp/_gbstools/gbdk/lib/small/asxxxx/gb/gb.lib
                                          [ get_tile.o ]
/tmp/_gbstools/gbdk/lib/small/asxxxx/gb/gb.lib
                                          [ metasprites_hide_spr.o ]
/tmp/_gbstools/gbdk/lib/small/asxxxx/gbz80/gbz80.lib
                                          [ mul.o ]
/tmp/_gbstools/gbdk/lib/small/asxxxx/gbz80/gbz80.lib
                                          [ abs.o ]
/tmp/_gbstools/gbdk/lib/small/asxxxx/gb/gb.lib
                                          [ set_wi_t.o ]
/tmp/_gbstools/gbdk/lib/small/asxxxx/gb/gb.lib
                                          [ set_data.o ]
/tmp/_gbstools/gbdk/lib/small/asxxxx/gbz80/gbz80.lib
                                          [ reverse.o ]
/tmp/_gbstools/gbdk/lib/small/asxxxx/gb/gb.lib
                                          [ far_ptr.o ]
/tmp/_gbstools/gbdk/lib/small/asxxxx/gb/gb.lib
                                          [ sgb.o ]
/tmp/_gbstools/gbdk/lib/small/asxxxx/gb/gb.lib
                                          [ lcd.o ]
/tmp/_gbstools/gbdk/lib/small/asxxxx/gb/gb.lib
                                          [ fill_rect.o ]
/tmp/_gbstools/gbdk/lib/small/asxxxx/gb/gb.lib
                                          [ cpy_data.o ]
/tmp/_gbstools/gbdk/lib/small/asxxxx/gb/gb.lib
                                          [ fill_rect_bk.o ]
/tmp/_gbstools/gbdk/lib/small/asxxxx/gb/gb.lib
                                          [ pad.o ]
/tmp/_gbstools/gbdk/lib/small/asxxxx/gb/gb.lib
                                          [ metasprites.o ]
/tmp/_gbstools/gbdk/lib/small/asxxxx/gbz80/gbz80.lib
                                          [ __sdcc_call_hl.o ]
/tmp/_gbstools/gbdk/lib/small/asxxxx/gbz80/gbz80.lib
                                          [ _memcpy.o ]
/tmp/_gbstools/gbdk/lib/small/asxxxx/gbz80/gbz80.lib
                                          [ _memset.o ]
/tmp/_gbstools/gbdk/lib/small/asxxxx/gb/gb.lib
                                          [ set_xy_t.o ]
/tmp/_gbstools/gbdk/lib/small/asxxxx/gbz80/gbz80.lib
                                          [ div.o ]
/tmp/_gbstools/gbdk/lib/small/asxxxx/gb/gb.lib
                                          [ set_bk_t.o ]

ASxxxx Linker V03.00 + NoICE + sdld,  page 68.

User Base Address Definitions

_DATA=0xC0A0
_CODE=0x0200
ASxxxx Linker V03.00 + NoICE + sdld,  page 69.

User Global Definitions

.STACK=0xDF00
_shadow_OAM=0xC000
.refresh_OAM=0xFF80
__start_save=12

